EN sdram NULL //mac/home/Desktop/DesignPJ1/SDRAMtest/SDRAM.vhd sub00/vhpl08 1539786057
AR seg7driver behavioral //mac/home/Desktop/DesignPJ1/SDRAMtest/seg7driver.vhd sub00/vhpl13 1538818270
AR nexysonboardmemctrl behavioral //mac/home/Desktop/DesignPJ1/SDRAMtest/NexysOnBoardMemCtrl.vhd sub00/vhpl05 1539786044
AR seg7 behavioral //mac/home/Desktop/DesignPJ1/SDRAMtest/seg7.vhd sub00/vhpl11 1538818268
EN display_controller NULL //mac/home/Desktop/DesignPJ1/SDRAMtest/display_controller.vhd sub00/vhpl20 1539786051
EN nexysonboardmemctrl NULL //mac/home/Desktop/DesignPJ1/SDRAMtest/NexysOnBoardMemCtrl.vhd sub00/vhpl04 1539786043
EN onboardmemcfg NULL //mac/home/Desktop/DesignPJ1/SDRAMtest/OnBoardMemCfg.vhf sub00/vhpl06 1538378012
AR sdram behavioral //mac/home/Desktop/DesignPJ1/SDRAMtest/SDRAM.vhd sub00/vhpl09 1539786058
EN seg7 NULL //mac/home/Desktop/DesignPJ1/SDRAMtest/seg7.vhd sub00/vhpl10 1538818267
EN memory NULL //mac/home/Desktop/DesignPJ1/SDRAMtest/memory.vhd sub00/vhpl14 1539786053
AR display_controller behavioural //mac/home/Desktop/DesignPJ1/SDRAMtest/display_controller.vhd sub00/vhpl21 1539786052
AR onboardmemcfg behavioral //mac/home/Desktop/DesignPJ1/SDRAMtest/OnBoardMemCfg.vhf sub00/vhpl07 1538378013
AR compsel behavioral //mac/home/Desktop/DesignPJ1/SDRAMtest/CompSel.vhd sub00/vhpl01 1539786046
EN eppctrl NULL //mac/home/Desktop/DesignPJ1/SDRAMtest/EppCtrl.vhd sub00/vhpl02 1539786041
AR fsm behavioral //mac/home/Desktop/DesignPJ1/SDRAMtest/fsm.vhd sub00/vhpl23 1539786050
AR memory behavioral //mac/home/Desktop/DesignPJ1/SDRAMtest/memory.vhd sub00/vhpl15 1539786054
EN seg7driver NULL //mac/home/Desktop/DesignPJ1/SDRAMtest/seg7driver.vhd sub00/vhpl12 1538818269
AR vga_buffer behavioral //mac/home/Desktop/DesignPJ1/SDRAMtest/vga_buffer.vhd sub00/vhpl19 1539786048
EN fsm NULL //mac/home/Desktop/DesignPJ1/SDRAMtest/fsm.vhd sub00/vhpl22 1539786049
EN compsel NULL //mac/home/Desktop/DesignPJ1/SDRAMtest/CompSel.vhd sub00/vhpl00 1539786045
EN ingamesdram NULL //mac/home/Desktop/DesignPJ1/SDRAMtest/InGameSdram.vhd sub00/vhpl16 1539786055
AR ingamesdram behavioral //mac/home/Desktop/DesignPJ1/SDRAMtest/InGameSdram.vhd sub00/vhpl17 1539786056
AR eppctrl behavioral //mac/home/Desktop/DesignPJ1/SDRAMtest/EppCtrl.vhd sub00/vhpl03 1539786042
EN vga_buffer NULL //mac/home/Desktop/DesignPJ1/SDRAMtest/vga_buffer.vhd sub00/vhpl18 1539786047
