V3 46
FL //mac/home/Desktop/DesignPJ1/SDRAMtest/CompSel.vhd 2008/02/21.11:35:40 P.20131013
EN work/CompSel 1539786045 FL //mac/home/Desktop/DesignPJ1/SDRAMtest/CompSel.vhd \
      PB ieee/std_logic_1164 1381692176 PB ieee/std_logic_arith 1381692177 \
      PB ieee/STD_LOGIC_UNSIGNED 1381692179
AR work/CompSel/Behavioral 1539786046 \
      FL //mac/home/Desktop/DesignPJ1/SDRAMtest/CompSel.vhd EN work/CompSel 1539786045
FL //mac/home/Desktop/DesignPJ1/SDRAMtest/display_controller.vhd 2018/10/07.04:43:20 P.20131013
EN work/display_controller 1539786051 \
      FL //mac/home/Desktop/DesignPJ1/SDRAMtest/display_controller.vhd \
      PB ieee/std_logic_1164 1381692176 PB ieee/NUMERIC_STD 1381692181
AR work/display_controller/behavioural 1539786052 \
      FL //mac/home/Desktop/DesignPJ1/SDRAMtest/display_controller.vhd \
      EN work/display_controller 1539786051
FL //mac/home/Desktop/DesignPJ1/SDRAMtest/EppCtrl.vhd 2018/10/02.01:07:58 P.20131013
EN work/EppCtrl 1539786041 FL //mac/home/Desktop/DesignPJ1/SDRAMtest/EppCtrl.vhd \
      PB ieee/std_logic_1164 1381692176 PB ieee/std_logic_arith 1381692177 \
      PB ieee/STD_LOGIC_UNSIGNED 1381692179
AR work/EppCtrl/Behavioral 1539786042 \
      FL //mac/home/Desktop/DesignPJ1/SDRAMtest/EppCtrl.vhd EN work/EppCtrl 1539786041
FL //mac/home/Desktop/DesignPJ1/SDRAMtest/fsm.vhd 2018/10/18.01:06:41 P.20131013
EN work/fsm 1539786049 FL //mac/home/Desktop/DesignPJ1/SDRAMtest/fsm.vhd \
      PB ieee/std_logic_1164 1381692176 PB ieee/std_logic_arith 1381692177 \
      PB ieee/STD_LOGIC_UNSIGNED 1381692179 PB ieee/NUMERIC_STD 1381692181
AR work/fsm/Behavioral 1539786050 \
      FL //mac/home/Desktop/DesignPJ1/SDRAMtest/fsm.vhd EN work/fsm 1539786049
FL //mac/home/Desktop/DesignPJ1/SDRAMtest/InGameSdram.vhd 2018/10/18.01:20:35 P.20131013
EN work/InGameSdram 1539786055 \
      FL //mac/home/Desktop/DesignPJ1/SDRAMtest/InGameSdram.vhd \
      PB ieee/std_logic_1164 1381692176 PB ieee/std_logic_arith 1381692177 \
      PB ieee/STD_LOGIC_UNSIGNED 1381692179 PB ieee/NUMERIC_STD 1381692181
AR work/InGameSdram/Behavioral 1539786056 \
      FL //mac/home/Desktop/DesignPJ1/SDRAMtest/InGameSdram.vhd \
      EN work/InGameSdram 1539786055
FL //mac/home/Desktop/DesignPJ1/SDRAMtest/memory.vhd 2018/10/07.17:35:39 P.20131013
EN work/memory 1539786053 FL //mac/home/Desktop/DesignPJ1/SDRAMtest/memory.vhd \
      PB ieee/std_logic_1164 1381692176 PB ieee/NUMERIC_STD 1381692181 LB UNISIM \
      PH unisim/VCOMPONENTS 1381692182
AR work/memory/BEHAVIORAL 1539786054 \
      FL //mac/home/Desktop/DesignPJ1/SDRAMtest/memory.vhd EN work/memory 1539786053 \
      CP EppCtrl CP NexysOnBoardMemCtrl CP CompSel
FL //mac/home/Desktop/DesignPJ1/SDRAMtest/NexysOnBoardMemCtrl.vhd 2018/10/07.17:34:57 P.20131013
EN work/NexysOnBoardMemCtrl 1539786043 \
      FL //mac/home/Desktop/DesignPJ1/SDRAMtest/NexysOnBoardMemCtrl.vhd \
      PB ieee/std_logic_1164 1381692176 PB ieee/std_logic_arith 1381692177 \
      PB ieee/STD_LOGIC_UNSIGNED 1381692179
AR work/NexysOnBoardMemCtrl/Behavioral 1539786044 \
      FL //mac/home/Desktop/DesignPJ1/SDRAMtest/NexysOnBoardMemCtrl.vhd \
      EN work/NexysOnBoardMemCtrl 1539786043
FL //mac/home/Desktop/DesignPJ1/SDRAMtest/OnBoardMemCfg.vhf 2018/10/01.15:14:25 P.20131013
EN work/OnBoardMemCfg 1538378012 \
      FL //mac/home/Desktop/DesignPJ1/SDRAMtest/OnBoardMemCfg.vhf \
      PB ieee/std_logic_1164 1381692176 PB ieee/NUMERIC_STD 1381692181 LB UNISIM \
      PH unisim/VCOMPONENTS 1381692182
AR work/OnBoardMemCfg/BEHAVIORAL 1538378013 \
      FL //mac/home/Desktop/DesignPJ1/SDRAMtest/OnBoardMemCfg.vhf \
      EN work/OnBoardMemCfg 1538378012 CP EppCtrl CP NexysOnBoardMemCtrl CP CompSel
FL //mac/home/Desktop/DesignPJ1/SDRAMtest/SDRAM.vhd 2018/10/11.11:22:22 P.20131013
EN work/SDRAM 1539786057 FL //mac/home/Desktop/DesignPJ1/SDRAMtest/SDRAM.vhd \
      PB ieee/std_logic_1164 1381692176 PB ieee/NUMERIC_STD 1381692181
AR work/SDRAM/Behavioral 1539786058 \
      FL //mac/home/Desktop/DesignPJ1/SDRAMtest/SDRAM.vhd EN work/SDRAM 1539786057 \
      CP work/vga_buffer CP work/fsm CP work/display_controller CP work/memory \
      CP work/InGameSdram
FL //mac/home/Desktop/DesignPJ1/SDRAMtest/seg7.vhd 2018/08/20.06:50:41 P.20131013
EN work/seg7 1538818267 FL //mac/home/Desktop/DesignPJ1/SDRAMtest/seg7.vhd \
      PB ieee/std_logic_1164 1381692176
AR work/seg7/Behavioral 1538818268 \
      FL //mac/home/Desktop/DesignPJ1/SDRAMtest/seg7.vhd EN work/seg7 1538818267
FL //mac/home/Desktop/DesignPJ1/SDRAMtest/seg7driver.vhd 2018/08/20.06:56:39 P.20131013
EN work/seg7driver 1538818269 \
      FL //mac/home/Desktop/DesignPJ1/SDRAMtest/seg7driver.vhd \
      PB ieee/std_logic_1164 1381692176
AR work/seg7driver/Behavioral 1538818270 \
      FL //mac/home/Desktop/DesignPJ1/SDRAMtest/seg7driver.vhd EN work/seg7driver 1538818269 \
      CP seg7
FL //mac/home/Desktop/DesignPJ1/SDRAMtest/vga_buffer.vhd 2018/10/10.19:20:33 P.20131013
EN work/vga_buffer 1539786047 \
      FL //mac/home/Desktop/DesignPJ1/SDRAMtest/vga_buffer.vhd \
      PB ieee/std_logic_1164 1381692176 PB ieee/NUMERIC_STD 1381692181
AR work/vga_buffer/Behavioral 1539786048 \
      FL //mac/home/Desktop/DesignPJ1/SDRAMtest/vga_buffer.vhd EN work/vga_buffer 1539786047
